

================================================================
== Vitis HLS Report for 'fxp_sqrt_top'
================================================================
* Date:           Sat Dec 28 19:05:21 2024

* Version:        2022.2 (Build 3670227 on Oct 13 2022)
* Project:        sqrt_fixed_point
* Solution:       solution1 (Vivado IP Flow Target)
* Product family: artix7
* Target device:  xc7a35ti-csg324-1L


================================================================
== Performance Estimates
================================================================
+ Timing: 
    * Summary: 
    +--------+----------+----------+------------+
    |  Clock |  Target  | Estimated| Uncertainty|
    +--------+----------+----------+------------+
    |ap_clk  |  10.00 ns|  6.616 ns|     2.70 ns|
    +--------+----------+----------+------------+

+ Latency: 
    * Summary: 
    +---------+---------+----------+----------+-----+-----+---------+
    |  Latency (cycles) |  Latency (absolute) |  Interval | Pipeline|
    |   min   |   max   |    min   |    max   | min | max |   Type  |
    +---------+---------+----------+----------+-----+-----+---------+
    |       34|       34|  0.340 us|  0.340 us|   35|   35|       no|
    +---------+---------+----------+----------+-----+-----+---------+

    + Detail: 
        * Instance: 
        N/A

        * Loop: 
        N/A

============================================================
+ Verbose Summary: Synthesis Manager
============================================================
InlineROM: 1
ExposeGlobal: 0
============================================================
+ Verbose Summary: CDFG Model
============================================================
IsTopModel: 1
ResetActiveHigh: 1
IsCombinational: 0
IsDatapathOnly: 0
HasWiredReturn: 1
HasMFsm: 0
HasVarLatency: 1
IsPipeline: 0
IsRtlPipelined: 0
IsInstanceOverlapped: 0
IsDontTouch: 0
HasImplIP: 0
IsGatedGlobalClock: 0


============================================================
+ Verbose Summary: Schedule
============================================================
* Number of FSM states : 3
* Pipeline : 0
* Dataflow Pipeline: 0

* FSM state transitions: 
1 --> 2 
2 --> 3 
3 --> 

* FSM state operations: 

State 1 <SV = 0> <Delay = 1.61>
ST_1 : Operation 4 [1/1] (0.00ns)   --->   "%q_V_1_loc = alloca i64 1"   --->   Operation 4 'alloca' 'q_V_1_loc' <Predicate = true> <Delay = 0.00>
ST_1 : Operation 5 [1/1] (0.00ns)   --->   "%s_V_1_loc = alloca i64 1"   --->   Operation 5 'alloca' 's_V_1_loc' <Predicate = true> <Delay = 0.00>
ST_1 : Operation 6 [1/1] (0.00ns)   --->   "%p_Val2_s = read i24 @_ssdm_op_Read.ap_auto.i24P0A, i24 %in_val"   --->   Operation 6 'read' 'p_Val2_s' <Predicate = true> <Delay = 0.00>
ST_1 : Operation 7 [1/1] (0.00ns)   --->   "%s_V = bitconcatenate i28 @_ssdm_op_BitConcatenate.i28.i24.i4, i24 %p_Val2_s, i4 0"   --->   Operation 7 'bitconcatenate' 's_V' <Predicate = true> <Delay = 0.00>
ST_1 : Operation 8 [2/2] (1.61ns)   --->   "%call_ln219 = call void @fxp_sqrt_top_Pipeline_VITIS_LOOP_89_1, i28 %s_V, i31 %s_V_1_loc, i29 %q_V_1_loc"   --->   Operation 8 'call' 'call_ln219' <Predicate = true> <Delay = 1.61> <CoreType = "Generic">   --->   Core 0 '' <Latency = 0> <II = 1> <Delay = 1.00> <Generic> <Opcode : >

State 2 <SV = 1> <Delay = 3.05>
ST_2 : Operation 9 [1/2] (3.05ns)   --->   "%call_ln219 = call void @fxp_sqrt_top_Pipeline_VITIS_LOOP_89_1, i28 %s_V, i31 %s_V_1_loc, i29 %q_V_1_loc"   --->   Operation 9 'call' 'call_ln219' <Predicate = true> <Delay = 3.05> <CoreType = "Generic">   --->   Core 0 '' <Latency = 0> <II = 1> <Delay = 1.00> <Generic> <Opcode : >

State 3 <SV = 2> <Delay = 3.98>
ST_3 : Operation 10 [1/1] (0.00ns)   --->   "%specbitsmap_ln0 = specbitsmap void @_ssdm_op_SpecBitsMap, i28 0"   --->   Operation 10 'specbitsmap' 'specbitsmap_ln0' <Predicate = true> <Delay = 0.00>
ST_3 : Operation 11 [1/1] (0.00ns)   --->   "%spectopmodule_ln20 = spectopmodule void @_ssdm_op_SpecTopModule, void @empty_1" [fxp_sqrt_top.cpp:20]   --->   Operation 11 'spectopmodule' 'spectopmodule_ln20' <Predicate = true> <Delay = 0.00>
ST_3 : Operation 12 [1/1] (0.00ns)   --->   "%specbitsmap_ln0 = specbitsmap void @_ssdm_op_SpecBitsMap, i24 %in_val"   --->   Operation 12 'specbitsmap' 'specbitsmap_ln0' <Predicate = true> <Delay = 0.00>
ST_3 : Operation 13 [1/1] (0.00ns)   --->   "%specinterface_ln0 = specinterface void @_ssdm_op_SpecInterface, i24 %in_val, void @empty, i32 0, i32 0, void @empty_0, i32 0, i32 0, void @empty_0, void @empty_0, void @empty_0, i32 0, i32 0, i32 0, i32 0, void @empty_0, void @empty_0, i32 4294967295, i32 0"   --->   Operation 13 'specinterface' 'specinterface_ln0' <Predicate = true> <Delay = 0.00>
ST_3 : Operation 14 [1/1] (0.00ns)   --->   "%s_V_1_loc_load = load i31 %s_V_1_loc"   --->   Operation 14 'load' 's_V_1_loc_load' <Predicate = true> <Delay = 0.00>
ST_3 : Operation 15 [1/1] (0.00ns)   --->   "%q_V_1_loc_load = load i29 %q_V_1_loc"   --->   Operation 15 'load' 'q_V_1_loc_load' <Predicate = true> <Delay = 0.00>
ST_3 : Operation 16 [1/1] (2.43ns)   --->   "%icmp_ln1035 = icmp_sgt  i31 %s_V_1_loc_load, i31 0"   --->   Operation 16 'icmp' 'icmp_ln1035' <Predicate = true> <Delay = 2.43> <CoreInst = "Cmp">   --->   Core 9 'Cmp' <Latency = 0> <II = 1> <Delay = 2.43> <FuncUnit> <Opcode : 'icmp'> <InPorts = 2> <OutPorts = 1>
ST_3 : Operation 17 [1/1] (2.59ns)   --->   "%q_V = add i29 %q_V_1_loc_load, i29 1"   --->   Operation 17 'add' 'q_V' <Predicate = true> <Delay = 2.59> <CoreInst = "Adder">   --->   Core 1 'Adder' <Latency = 0> <II = 1> <Delay = 2.59> <FuncUnit> <Opcode : 'add' 'sub'> <InPorts = 2> <OutPorts = 1>
ST_3 : Operation 18 [1/1] (0.00ns)   --->   "%tmp = partselect i28 @_ssdm_op_PartSelect.i28.i29.i32.i32, i29 %q_V, i32 1, i32 28"   --->   Operation 18 'partselect' 'tmp' <Predicate = true> <Delay = 0.00>
ST_3 : Operation 19 [1/1] (0.00ns)   --->   "%tmp_1 = partselect i28 @_ssdm_op_PartSelect.i28.i29.i32.i32, i29 %q_V_1_loc_load, i32 1, i32 28"   --->   Operation 19 'partselect' 'tmp_1' <Predicate = true> <Delay = 0.00>
ST_3 : Operation 20 [1/1] (1.38ns)   --->   "%result_V = select i1 %icmp_ln1035, i28 %tmp, i28 %tmp_1" [./fxp_sqrt.h:102]   --->   Operation 20 'select' 'result_V' <Predicate = true> <Delay = 1.38> <CoreInst = "Sel">   --->   Core 73 'Sel' <Latency = 0> <II = 1> <Delay = 1.38> <FuncUnit> <Opcode : 'select'> <InPorts = 3> <OutPorts = 1>
ST_3 : Operation 21 [1/1] (0.00ns)   --->   "%ret_ln23 = ret i28 %result_V" [fxp_sqrt_top.cpp:23]   --->   Operation 21 'ret' 'ret_ln23' <Predicate = true> <Delay = 0.00>


============================================================
+ Verbose Summary: Timing violations
============================================================
Target clock period: 10ns, clock uncertainty: 2.7ns.

 <State 1>: 1.61ns
The critical path consists of the following:
	'alloca' operation ('q_V_1_loc') [2]  (0 ns)
	'call' operation ('call_ln219') to 'fxp_sqrt_top_Pipeline_VITIS_LOOP_89_1' [10]  (1.61 ns)

 <State 2>: 3.06ns
The critical path consists of the following:
	'call' operation ('call_ln219') to 'fxp_sqrt_top_Pipeline_VITIS_LOOP_89_1' [10]  (3.06 ns)

 <State 3>: 3.98ns
The critical path consists of the following:
	'load' operation ('q_V_1_loc_load') on local variable 'q_V_1_loc' [12]  (0 ns)
	'add' operation ('q.V') [14]  (2.6 ns)
	'select' operation ('result.V', ./fxp_sqrt.h:102) [17]  (1.39 ns)


============================================================
+ Verbose Summary: Binding
============================================================
N/A
* FSMD analyzer results:
  - Output states:
 - Input state : 
  - Chain level:
	State 1
	State 2
	State 3


============================================================
+ Verbose Summary: Datapath Resource usage 
============================================================
N/A
